Input System module state changed to: Initialized.
[Physics::Module] Initialized fallback backend.
[Physics::Module] Id: 0xdecafbad
Initialize engine version: 6000.3.8f1 (1c7db571dde0)
[Subsystems] Discovering subsystems at path D:/hobby/projects/diplom_game/builds/humanoid_walker_trainer/humanoid_trainer_Data/UnitySubsystems
[D3D12 Device Filter] Vendor Name: Intel
[D3D12 Device Filter] Device Name: Intel(R) Iris(R) Xe Graphics
[D3D12 Device Filter] Driver Version: 31.0.101.4032
[D3D12 Device Filter] Feature Level: 12.1
[D3D12 Device Filter] Graphics Memory: 8053 MB
[D3D12 Device Filter] Processor Count: 16
[D3D12 Device Filter] Device Type: Integrated
[D3D12 Device Filter] D3D12 API denied by user filter: {"Vendor": "Intel", "Device Type:": Integrated}
GfxDevice: creating device client; kGfxThreadingModeClientWorkerJobs
Direct3D:
    Version:  Direct3D 11.0 [level 11.1]
    Renderer: Intel(R) Iris(R) Xe Graphics (ID=0xa7a0)
    Vendor:   Intel
    VRAM:     8053 MB
    Driver:   31.0.101.4032
[Physics::Module] Selected backend.
[Physics::Module] Name: PhysX
[Physics::Module] Id: 0xf2b8ea05
[Physics::Module] SDK Version: 4.1.2
[Physics::Module] Integration Version: 1.0.0
[Physics::Module] Threading Mode: Multi-Threaded
Crash!!!
SymInit: Symbol-SearchPath: '.;D:\hobby\projects\diplom_game;D:/hobby/projects/diplom_game/builds/humanoid_walker_trainer/humanoid_trainer_Data/Plugins\x86_64;D:/hobby/projects/diplom_game/builds/humanoid_walker_trainer/humanoid_trainer_Data/Plugins;D:\hobby\projects\diplom_game\builds\humanoid_walker_trainer;C:\Windows;C:\Windows\system32;', symOptions: 534, UserName: 'artem'
OS-Version: 10.0.0
D:\hobby\projects\diplom_game\builds\humanoid_walker_trainer\humanoid_trainer.exe:humanoid_trainer.exe (00007FF6F4150000), size: 684032 (result: 0), SymType: '-deferred-', PDB: '', fileVersion: 6000.3.8.32181
C:\Windows\SYSTEM32\ntdll.dll:ntdll.dll (00007FF981970000), size: 2195456 (result: 0), SymType: '-deferred-', PDB: '', fileVersion: 10.0.22621.6060
C:\Windows\System32\KERNEL32.DLL:KERNEL32.DLL (00007FF980660000), size: 802816 (result: 0), SymType: '-deferred-', PDB: '', fileVersion: 10.0.22621.5415
C:\Windows\System32\KERNELBASE.dll:KERNELBASE.dll (00007FF97F0C0000), size: 4009984 (result: 0), SymType: '-deferred-', PDB: '', fileVersion: 10.0.22621.6060
D:\hobby\projects\diplom_game\builds\humanoid_walker_trainer\UnityPlayer.dll:UnityPlayer.dll (00007FF867150000), size: 37089280 (result: 0), SymType: '-deferred-', PDB: '', fileVersion: 6000.3.8.32181
C:\Windows\System32\USER32.dll:USER32.dll (00007FF980A30000), size: 1777664 (result: 0), SymType: '-deferred-', PDB: '', fileVersion: 10.0.22621.6199
C:\Windows\System32\win32u.dll:win32u.dll (00007FF97F010000), size: 155648 (result: 0), SymType: '-deferred-', PDB: '', fileVersion: 10.0.22621.6199
C:\Windows\System32\GDI32.dll:GDI32.dll (00007FF980A00000), size: 167936 (result: 0), SymType: '-deferred-', PDB: '', fileVersion: 10.0.22621.5697
C:\Windows\System32\gdi32full.dll:gdi32full.dll (00007FF97EBC0000), size: 1159168 (result: 0), SymType: '-deferred-', PDB: '', fileVersion: 10.0.22621.6133
C:\Windows\System32\msvcp_win.dll:msvcp_win.dll (00007FF97EEF0000), size: 630784 (result: 0), SymType: '-deferred-', PDB: '', fileVersion: 10.0.22621.3374
C:\Windows\System32\ucrtbase.dll:ucrtbase.dll (00007FF97ECE0000), size: 1118208 (result: 0), SymType: '-deferred-', PDB: '', fileVersion: 10.0.22621.3593
C:\Windows\System32\ole32.dll:ole32.dll (00007FF980D30000), size: 1708032 (result: 0), SymType: '-deferred-', PDB: '', fileVersion: 10.0.22621.6199
C:\Windows\System32\combase.dll:combase.dll (00007FF981520000), size: 3739648 (result: 0), SymType: '-deferred-', PDB: '', fileVersion: 10.0.22621.6133
C:\Windows\System32\RPCRT4.dll:RPCRT4.dll (00007FF981400000), size: 1146880 (result: 0), SymType: '-deferred-', PDB: '', fileVersion: 10.0.22621.5840
C:\Windows\System32\SHLWAPI.dll:SHLWAPI.dll (00007FF980CC0000), size: 430080 (result: 0), SymType: '-deferred-', PDB: '', fileVersion: 10.0.22621.5983
C:\Windows\System32\msvcrt.dll:msvcrt.dll (00007FF97F690000), size: 684032 (result: 0), SymType: '-deferred-', PDB: '', fileVersion: 7.0.22621.2506
C:\Windows\System32\SETUPAPI.dll:SETUPAPI.dll (00007FF97F830000), size: 4669440 (result: 0), SymType: '-deferred-', PDB: '', fileVersion: 10.0.22621.2506
C:\Windows\System32\ADVAPI32.dll:ADVAPI32.dll (00007FF9810A0000), size: 724992 (result: 0), SymType: '-deferred-', PDB: '', fileVersion: 10.0.22621.5909
C:\Windows\System32\sechost.dll:sechost.dll (00007FF981350000), size: 688128 (result: 0), SymType: '-deferred-', PDB: '', fileVersion: 10.0.22621.5909
C:\Windows\SYSTEM32\VERSION.dll:VERSION.dll (00007FF96D830000), size: 40960 (result: 0), SymType: '-deferred-', PDB: '', fileVersion: 10.0.22621.1
C:\Windows\System32\bcrypt.dll:bcrypt.dll (00007FF97EE00000), size: 163840 (result: 0), SymType: '-deferred-', PDB: '', fileVersion: 10.0.22621.4746
C:\Windows\System32\SHELL32.dll:SHELL32.dll (00007FF97FCB0000), size: 9027584 (result: 0), SymType: '-deferred-', PDB: '', fileVersion: 10.0.22621.6133
C:\Windows\System32\wintypes.dll:wintypes.dll (00007FF97EA80000), size: 1306624 (result: 0), SymType: '-deferred-', PDB: '', fileVersion: 10.0.22621.6133
C:\Windows\System32\OLEAUT32.dll:OLEAUT32.dll (00007FF980810000), size: 884736 (result: 0), SymType: '-deferred-', PDB: '', fileVersion: 10.0.22621.5697
C:\Windows\System32\IMM32.dll:IMM32.dll (00007FF980730000), size: 200704 (result: 0), SymType: '-deferred-', PDB: '', fileVersion: 10.0.22621.5697
C:\Windows\System32\CRYPT32.dll:CRYPT32.dll (00007FF97F4A0000), size: 1474560 (result: 0), SymType: '-deferred-', PDB: '', fileVersion: 10.0.22621.5983
C:\Windows\System32\WS2_32.dll:WS2_32.dll (00007FF97F610000), size: 462848 (result: 0), SymType: '-deferred-', PDB: '', fileVersion: 10.0.22621.4746
C:\Windows\SYSTEM32\WINMM.dll:WINMM.dll (00007FF976400000), size: 212992 (result: 0), SymType: '-deferred-', PDB: '', fileVersion: 10.0.22621.5415
C:\Windows\SYSTEM32\OPENGL32.dll:OPENGL32.dll (00007FF9288B0000), size: 1048576 (result: 0), SymType: '-deferred-', PDB: '', fileVersion: 10.0.22621.5415
C:\Windows\SYSTEM32\IPHLPAPI.DLL:IPHLPAPI.DLL (00007FF97D530000), size: 184320 (result: 0), SymType: '-deferred-', PDB: '', fileVersion: 10.0.22621.1
C:\Windows\SYSTEM32\WINHTTP.dll:WINHTTP.dll (00007FF97A0B0000), size: 1228800 (result: 0), SymType: '-deferred-', PDB: '', fileVersion: 10.0.22621.4830
C:\Windows\SYSTEM32\d3d11.dll:d3d11.dll (00007FF977F10000), size: 2453504 (result: 0), SymType: '-deferred-', PDB: '', fileVersion: 10.0.22621.5415
C:\Windows\SYSTEM32\HID.DLL:HID.DLL (00007FF97D260000), size: 57344 (result: 0), SymType: '-deferred-', PDB: '', fileVersion: 10.0.22621.1
C:\Windows\SYSTEM32\dxgi.dll:dxgi.dll (00007FF97B740000), size: 1011712 (result: 0), SymType: '-deferred-', PDB: '', fileVersion: 10.0.22621.5415
C:\Windows\SYSTEM32\UIAutomationCore.DLL:UIAutomationCore.DLL (00007FF940740000), size: 4497408 (result: 0), SymType: '-deferred-', PDB: '', fileVersion: 7.2.22621.6133
C:\Windows\SYSTEM32\GLU32.dll:GLU32.dll (00007FF96E620000), size: 184320 (result: 0), SymType: '-deferred-', PDB: '', fileVersion: 10.0.22621.2506
C:\Windows\SYSTEM32\dwmapi.dll:dwmapi.dll (00007FF97B850000), size: 176128 (result: 0), SymType: '-deferred-', PDB: '', fileVersion: 10.0.22621.5697
C:\Windows\SYSTEM32\dxcore.dll:dxcore.dll (00007FF97BF50000), size: 225280 (result: 0), SymType: '-deferred-', PDB: '', fileVersion: 10.0.22621.5415
C:\Windows\SYSTEM32\kernel.appcore.dll:kernel.appcore.dll (00007FF97DB20000), size: 98304 (result: 0), SymType: '-deferred-', PDB: '', fileVersion: 10.0.22621.3958
C:\Windows\System32\bcryptPrimitives.dll:bcryptPrimitives.dll (00007FF97EF90000), size: 503808 (result: 0), SymType: '-deferred-', PDB: '', fileVersion: 10.0.22621.4317
C:\Windows\system32\uxtheme.dll:uxtheme.dll (00007FF97B5C0000), size: 733184 (result: 0), SymType: '-deferred-', PDB: '', fileVersion: 10.0.22621.5983
C:\Windows\System32\shcore.dll:shcore.dll (00007FF980550000), size: 1064960 (result: 0), SymType: '-deferred-', PDB: '', fileVersion: 10.0.22621.6133
D:\hobby\projects\diplom_game\builds\humanoid_walker_trainer\GameAssembly.dll:GameAssembly.dll (00007FF848F80000), size: 69337088 (result: 0), SymType: '-deferred-', PDB: ''
C:\Windows\SYSTEM32\dbghelp.dll:dbghelp.dll (00007FF97C3C0000), size: 2306048 (result: 0), SymType: '-deferred-', PDB: '', fileVersion: 10.0.22621.5471

========== OUTPUTTING STACK TRACE ==================

0x00007FF8493EDC44 (GameAssembly) mono_type_size
0x00007FF8493EDF8B (GameAssembly) mono_type_size
0x00007FF8493EEC86 (GameAssembly) mono_type_size
0x00007FF8493EBA1F (GameAssembly) mono_type_size
0x00007FF84939E947 (GameAssembly) il2cpp_gchandle_get_target
0x00007FF8493A0386 (GameAssembly) il2cpp_gchandle_get_target
0x00007FF8493851F9 (GameAssembly) il2cpp_get_exception_argument_null
0x00007FF84B2201ED (GameAssembly) mono_type_size
0x00007FF84938872D (GameAssembly) il2cpp_runtime_class_init
0x00007FF849388249 (GameAssembly) il2cpp_runtime_class_init
SymInit: Symbol-SearchPath: '.;D:\hobby\projects\diplom_game;D:/hobby/projects/diplom_game/builds/humanoid_walker_trainer/humanoid_trainer_Data/Plugins\x86_64;D:/hobby/projects/diplom_game/builds/humanoid_walker_trainer/humanoid_trainer_Data/Plugins;D:\hobby\projects\diplom_game\builds\humanoid_walker_trainer;C:\Windows;C:\Windows\system32;', symOptions: 534, UserName: 'artem'
OS-Version: 10.0.0
  ERROR: SymGetSymFromAddr64, GetLastError: 'Попытка обращения к неверному адресу.' (Address: 00007FF8678BD29A)
0x00007FF8678BD29A (UnityPlayer) (function-name not available)
  ERROR: SymGetSymFromAddr64, GetLastError: 'Попытка обращения к неверному адресу.' (Address: 00007FF867711CF1)
0x00007FF867711CF1 (UnityPlayer) (function-name not available)
  ERROR: SymGetSymFromAddr64, GetLastError: 'Попытка обращения к неверному адресу.' (Address: 00007FF8674CD2D7)
0x00007FF8674CD2D7 (UnityPlayer) (function-name not available)
  ERROR: SymGetSymFromAddr64, GetLastError: 'Попытка обращения к неверному адресу.' (Address: 00007FF86771BDE2)
0x00007FF86771BDE2 (UnityPlayer) (function-name not available)
  ERROR: SymGetSymFromAddr64, GetLastError: 'Попытка обращения к неверному адресу.' (Address: 00007FF86795639B)
0x00007FF86795639B (UnityPlayer) (function-name not available)
  ERROR: SymGetSymFromAddr64, GetLastError: 'Попытка обращения к неверному адресу.' (Address: 00007FF867956B8B)
0x00007FF867956B8B (UnityPlayer) (function-name not available)
  ERROR: SymGetSymFromAddr64, GetLastError: 'Попытка обращения к неверному адресу.' (Address: 00007FF6F41511F6)
0x00007FF6F41511F6 (humanoid_trainer) (function-name not available)
  ERROR: SymGetSymFromAddr64, GetLastError: 'Попытка обращения к неверному адресу.' (Address: 00007FF98067259D)
0x00007FF98067259D (KERNEL32) (function-name not available)
  ERROR: SymGetSymFromAddr64, GetLastError: 'Попытка обращения к неверному адресу.' (Address: 00007FF9819CAF78)
0x00007FF9819CAF78 (ntdll) (function-name not available)

========== END OF STACKTRACE ===========

A crash has been intercepted by the crash handler. For call stack and other details, see the latest crash report generated in:
 * C:/Windows/TEMP/DefaultCompany/humanoid_trainer/Crashes
