Input System module state changed to: Initialized.
[Physics::Module] Initialized fallback backend.
[Physics::Module] Id: 0xdecafbad
Initialize engine version: 6000.3.8f1 (1c7db571dde0)
[Subsystems] Discovering subsystems at path D:/hobby/projects/diplom_game/builds/humanoid_walker_trainer/humanoid_trainer_Data/UnitySubsystems
[D3D12 Device Filter] Vendor Name: Intel
[D3D12 Device Filter] Device Name: Intel(R) Iris(R) Xe Graphics
[D3D12 Device Filter] Driver Version: 31.0.101.4032
[D3D12 Device Filter] Feature Level: 12.1
[D3D12 Device Filter] Graphics Memory: 8053 MB
[D3D12 Device Filter] Processor Count: 16
[D3D12 Device Filter] Device Type: Integrated
[D3D12 Device Filter] D3D12 API denied by user filter: {"Vendor": "Intel", "Device Type:": Integrated}
GfxDevice: creating device client; kGfxThreadingModeClientWorkerJobs
Direct3D:
    Version:  Direct3D 11.0 [level 11.1]
    Renderer: Intel(R) Iris(R) Xe Graphics (ID=0xa7a0)
    Vendor:   Intel
    VRAM:     8053 MB
    Driver:   31.0.101.4032
FMOD failed to initialize the output device.: "Error initializing output device. " (60)
Forced to initialize FMOD to to the device driver's system output rate 48000, this may impact performance and/or give inconsistent experiences compared to selected sample rate 48000
FMOD failed to initialize the output device.: "Error initializing output device. " (60)
FMOD failed to initialize the output device.: "Not enough memory or resources. " (43)
Unable to initalize any audio device (even FMOD nosound device), please check your audio drivers and/or hardware for malfunction
Crash!!!
  ERROR: SymInitialize, GetLastError: 'Недостаточно ресурсов памяти для обработки этой команды.' (Address: 0000000000000000)
  ERROR: SymGetSearchPath, GetLastError: 'Неверный дескриптор.' (Address: 0000000000000000)
SymInit: Symbol-SearchPath: '', symOptions: 534, UserName: ''
OS-Version: 10.0.0

========== OUTPUTTING STACK TRACE ==================

  ERROR: SymInitialize, GetLastError: 'Недостаточно ресурсов памяти для обработки этой команды.' (Address: 0000000000000000)
  ERROR: SymGetSearchPath, GetLastError: 'Неверный дескриптор.' (Address: 0000000000000000)
SymInit: Symbol-SearchPath: '', symOptions: 534, UserName: ''
OS-Version: 10.0.0
  ERROR: SymInitialize, GetLastError: 'Недостаточно ресурсов памяти для обработки этой команды.' (Address: 0000000000000000)
  ERROR: SymGetSearchPath, GetLastError: 'Неверный дескриптор.' (Address: 0000000000000000)
SymInit: Symbol-SearchPath: '', symOptions: 534, UserName: ''
OS-Version: 10.0.0
  ERROR: SymGetSymFromAddr64, GetLastError: 'Неверный дескриптор.' (Address: 00007FF8493E7123)
  ERROR: SymGetModuleInfo64, GetLastError: 'Произошел сбой в программе инициализации библиотеки динамической компоновки (DLL).' (Address: 00007FF8493E7123)
0x00007FF8493E7123 ((<unknown>)) (function-name not available)
  ERROR: SymGetSymFromAddr64, GetLastError: 'Неверный дескриптор.' (Address: 00007FF8493E78F3)
  ERROR: SymGetModuleInfo64, GetLastError: 'Произошел сбой в программе инициализации библиотеки динамической компоновки (DLL).' (Address: 00007FF8493E78F3)
0x00007FF8493E78F3 ((<unknown>)) (function-name not available)
  ERROR: SymGetSymFromAddr64, GetLastError: 'Неверный дескриптор.' (Address: 00007FF8493E759D)
  ERROR: SymGetModuleInfo64, GetLastError: 'Произошел сбой в программе инициализации библиотеки динамической компоновки (DLL).' (Address: 00007FF8493E759D)
0x00007FF8493E759D ((<unknown>)) (function-name not available)
  ERROR: SymGetSymFromAddr64, GetLastError: 'Неверный дескриптор.' (Address: 00007FF8493E20B1)
  ERROR: SymGetModuleInfo64, GetLastError: 'Произошел сбой в программе инициализации библиотеки динамической компоновки (DLL).' (Address: 00007FF8493E20B1)
0x00007FF8493E20B1 ((<unknown>)) (function-name not available)
  ERROR: SymGetSymFromAddr64, GetLastError: 'Неверный дескриптор.' (Address: 00007FF8678C5199)
  ERROR: SymGetModuleInfo64, GetLastError: 'Произошел сбой в программе инициализации библиотеки динамической компоновки (DLL).' (Address: 00007FF8678C5199)
0x00007FF8678C5199 ((<unknown>)) (function-name not available)
  ERROR: SymGetSymFromAddr64, GetLastError: 'Неверный дескриптор.' (Address: 00007FF8678BFBEC)
  ERROR: SymGetModuleInfo64, GetLastError: 'Произошел сбой в программе инициализации библиотеки динамической компоновки (DLL).' (Address: 00007FF8678BFBEC)
0x00007FF8678BFBEC ((<unknown>)) (function-name not available)
  ERROR: SymGetSymFromAddr64, GetLastError: 'Неверный дескриптор.' (Address: 00007FF8679919C5)
  ERROR: SymGetModuleInfo64, GetLastError: 'Произошел сбой в программе инициализации библиотеки динамической компоновки (DLL).' (Address: 00007FF8679919C5)
0x00007FF8679919C5 ((<unknown>)) (function-name not available)
  ERROR: SymGetSymFromAddr64, GetLastError: 'Неверный дескриптор.' (Address: 00007FF86799D606)
  ERROR: SymGetModuleInfo64, GetLastError: 'Произошел сбой в программе инициализации библиотеки динамической компоновки (DLL).' (Address: 00007FF86799D606)
0x00007FF86799D606 ((<unknown>)) (function-name not available)
  ERROR: SymGetSymFromAddr64, GetLastError: 'Неверный дескриптор.' (Address: 00007FF8678C47EE)
  ERROR: SymGetModuleInfo64, GetLastError: 'Произошел сбой в программе инициализации библиотеки динамической компоновки (DLL).' (Address: 00007FF8678C47EE)
0x00007FF8678C47EE ((<unknown>)) (function-name not available)
  ERROR: SymGetSymFromAddr64, GetLastError: 'Неверный дескриптор.' (Address: 00007FF8678C457E)
  ERROR: SymGetModuleInfo64, GetLastError: 'Произошел сбой в программе инициализации библиотеки динамической компоновки (DLL).' (Address: 00007FF8678C457E)
0x00007FF8678C457E ((<unknown>)) (function-name not available)
  ERROR: SymGetSymFromAddr64, GetLastError: 'Неверный дескриптор.' (Address: 00007FF86792B2CC)
  ERROR: SymGetModuleInfo64, GetLastError: 'Произошел сбой в программе инициализации библиотеки динамической компоновки (DLL).' (Address: 00007FF86792B2CC)
0x00007FF86792B2CC ((<unknown>)) (function-name not available)
  ERROR: SymGetSymFromAddr64, GetLastError: 'Неверный дескриптор.' (Address: 00007FF86792CAAD)
  ERROR: SymGetModuleInfo64, GetLastError: 'Произошел сбой в программе инициализации библиотеки динамической компоновки (DLL).' (Address: 00007FF86792CAAD)
0x00007FF86792CAAD ((<unknown>)) (function-name not available)
  ERROR: SymGetSymFromAddr64, GetLastError: 'Неверный дескриптор.' (Address: 00007FF86792D1C3)
  ERROR: SymGetModuleInfo64, GetLastError: 'Произошел сбой в программе инициализации библиотеки динамической компоновки (DLL).' (Address: 00007FF86792D1C3)
0x00007FF86792D1C3 ((<unknown>)) (function-name not available)
  ERROR: SymGetSymFromAddr64, GetLastError: 'Неверный дескриптор.' (Address: 00007FF86744B66B)
  ERROR: SymGetModuleInfo64, GetLastError: 'Произошел сбой в программе инициализации библиотеки динамической компоновки (DLL).' (Address: 00007FF86744B66B)
0x00007FF86744B66B ((<unknown>)) (function-name not available)
  ERROR: SymGetSymFromAddr64, GetLastError: 'Неверный дескриптор.' (Address: 00007FF867256418)
  ERROR: SymGetModuleInfo64, GetLastError: 'Произошел сбой в программе инициализации библиотеки динамической компоновки (DLL).' (Address: 00007FF867256418)
0x00007FF867256418 ((<unknown>)) (function-name not available)
  ERROR: SymGetSymFromAddr64, GetLastError: 'Неверный дескриптор.' (Address: 00007FF86744C5C7)
  ERROR: SymGetModuleInfo64, GetLastError: 'Произошел сбой в программе инициализации библиотеки динамической компоновки (DLL).' (Address: 00007FF86744C5C7)
0x00007FF86744C5C7 ((<unknown>)) (function-name not available)
  ERROR: SymGetSymFromAddr64, GetLastError: 'Неверный дескриптор.' (Address: 00007FF86771BD42)
  ERROR: SymGetModuleInfo64, GetLastError: 'Произошел сбой в программе инициализации библиотеки динамической компоновки (DLL).' (Address: 00007FF86771BD42)
0x00007FF86771BD42 ((<unknown>)) (function-name not available)
  ERROR: SymGetSymFromAddr64, GetLastError: 'Неверный дескриптор.' (Address: 00007FF86795639B)
  ERROR: SymGetModuleInfo64, GetLastError: 'Произошел сбой в программе инициализации библиотеки динамической компоновки (DLL).' (Address: 00007FF86795639B)
0x00007FF86795639B ((<unknown>)) (function-name not available)
  ERROR: SymGetSymFromAddr64, GetLastError: 'Неверный дескриптор.' (Address: 00007FF867956B8B)
  ERROR: SymGetModuleInfo64, GetLastError: 'Произошел сбой в программе инициализации библиотеки динамической компоновки (DLL).' (Address: 00007FF867956B8B)
0x00007FF867956B8B ((<unknown>)) (function-name not available)
  ERROR: SymGetSymFromAddr64, GetLastError: 'Неверный дескриптор.' (Address: 00007FF6F41511F6)
  ERROR: SymGetModuleInfo64, GetLastError: 'Произошел сбой в программе инициализации библиотеки динамической компоновки (DLL).' (Address: 00007FF6F41511F6)
0x00007FF6F41511F6 ((<unknown>)) (function-name not available)
  ERROR: SymGetSymFromAddr64, GetLastError: 'Неверный дескриптор.' (Address: 00007FF98067259D)
  ERROR: SymGetModuleInfo64, GetLastError: 'Произошел сбой в программе инициализации библиотеки динамической компоновки (DLL).' (Address: 00007FF98067259D)
0x00007FF98067259D ((<unknown>)) (function-name not available)
  ERROR: SymGetSymFromAddr64, GetLastError: 'Неверный дескриптор.' (Address: 00007FF9819CAF78)
  ERROR: SymGetModuleInfo64, GetLastError: 'Произошел сбой в программе инициализации библиотеки динамической компоновки (DLL).' (Address: 00007FF9819CAF78)
0x00007FF9819CAF78 ((<unknown>)) (function-name not available)

========== END OF STACKTRACE ===========

A crash has been intercepted by the crash handler. For call stack and other details, see the latest crash report generated in:
 * C:/Windows/TEMP/DefaultCompany/humanoid_trainer/Crashes
