Mono path[0] = 'D:/hobby/projects/diplom_game/builds/humanoid_walker_trainer/humanoid_trainer_Data/Managed'
Mono config path = 'D:/hobby/projects/diplom_game/builds/humanoid_walker_trainer/MonoBleedingEdge/etc'
Input System module state changed to: Initialized.
[Physics::Module] Initialized fallback backend.
[Physics::Module] Id: 0xdecafbad
Initialize engine version: 6000.0.68f1 (e1e9baaf294b)
[Subsystems] Discovering subsystems at path D:/hobby/projects/diplom_game/builds/humanoid_walker_trainer/humanoid_trainer_Data/UnitySubsystems
kGfxThreadingModeSplitJobs is not supported on Direct3D 11. Reverting to kGfxThreadingModeClientWorkerJobs instead.
GfxDevice: creating device client; kGfxThreadingModeClientWorkerJobs
Direct3D:
    Version:  Direct3D 11.0 [level 11.1]
    Renderer: Intel(R) Iris(R) Xe Graphics (ID=0xa7a0)
    Vendor:   Intel
    VRAM:     8053 MB
    Driver:   31.0.101.4032
Begin MonoManager ReloadAssembly
- Loaded All Assemblies, in  0.189 seconds
- Finished resetting the current domain, in  0.003 seconds
[Physics::Module] Selected backend.
[Physics::Module] Name: PhysX
[Physics::Module] Id: 0xf2b8ea05
[Physics::Module] SDK Version: 4.1.2
[Physics::Module] Integration Version: 1.0.0
[Physics::Module] Threading Mode: Multi-Threaded
<b>[App UI]</b> Unable to find an AppUISettings instance, creating a default one...
<RI> Initializing input.
Using Windows.Gaming.Input
UnloadTime: 0.616200 ms
Registered Communicator in Agent.
RenderGraph is now enabled.
Unable to save timers to file D:/hobby/projects/diplom_game/builds/humanoid_walker_trainer/humanoid_trainer_Data\ML-Agents\Timers\MyHumanoid_timers.json
[Physics::Module] Cleanup current backned.
[Physics::Module] Id: 0xf2b8ea05
Input System module state changed to: ShutdownInProgress.
Input System polling thread exited.
Input System module state changed to: Shutdown.
